python scripts/guardrails/verify_cross_entity.py rc=0 before=[453 201] after=[453 201]
python scripts/guardrails/verify_nonfinancial_sweep.py rc=0 before=[453 201] after=[453 201]
python scripts/audit_temuan_2026_09.py rc=1 before=[453 201] after=[453 201]
python scripts/audit_entity_isolation.py rc=0 before=[453 201] after=[453 201]
python scripts/audit_sales_roles_ux.py --self-test rc=0 before=[453 201] after=[453 201]
python scripts/guardrails/verify_home_kpi.py --self-test rc=0 before=[453 201] after=[453 201]
python scripts/guardrails/verify_home_kpi.py rc=0 before=[453 201] after=[453 201]
python scripts/guardrails/verify_aging_fields.py rc=0 before=[453 201] after=[453 201]
python scripts/guardrails/verify_status_history.py rc=0 before=[453 201] after=[453 201]
python scripts/guardrails/verify_approval_queues.py rc=0 before=[453 201] after=[453 201]
python scripts/guardrails/verify_concurrency.py rc=0 before=[453 201] after=[453 201]
python scripts/guardrails/verify_state_machine.py rc=0 before=[453 201] after=[453 201]
python scripts/guardrails/verify_line_scope.py rc=0 before=[453 201] after=[454 201]
python scripts/guardrails/verify_master_stages.py rc=0 before=[454 201] after=[454 201]
python scripts/guardrails/verify_uom_vocab.py rc=0 before=[454 201] after=[454 201]
python scripts/guardrails/verify_qty_dual.py rc=0 before=[454 201] after=[454 201]
python scripts/guardrails/verify_doc_origin.py rc=0 before=[454 201] after=[455 201]
python scripts/guardrails/verify_po_board.py rc=0 before=[455 201] after=[455 201]
python scripts/guardrails/verify_sample_types.py rc=0 before=[455 201] after=[455 201]
python scripts/audit_endpoint_sweep.py rc=0 before=[455 201] after=[455 201]
python scripts/health_check.py rc=0 before=[455 201] after=[455 201]
DONE
