   + gudang baru: Gudang Utama Cipta Sandang
KNKNT0005 ALICE KNIT (94139 - 45): 1810 roll → 4 segmen (SKU × entitas)
KNKNT0007 AUDIA KNIT: 1528 roll → 9 segmen (SKU × entitas)
KNKNT0008 BAMBU KNIT: 1508 roll → 8 segmen (SKU × entitas)
KNKNT0021 CHIKITA KNIT: 1825 roll → 20 segmen (SKU × entitas)
KNKNT0023 CLARYN KNIT: 1353 roll → 14 segmen (SKU × entitas)
KNKNT0036 HIKARI: 1011 roll → 11 segmen (SKU × entitas)
KNKNT0052 LYFLEX ACTIVE: 1314 roll → 6 segmen (SKU × entitas)
KNKNT0054 MICROFLEX: 1982 roll → 22 segmen (SKU × entitas)
KNKNT0056 MODURA ACTIVE: 1547 roll → 14 segmen (SKU × entitas)
KNKNT0067 RIVERA RIB: 1192 roll → 54 segmen (SKU × entitas)
KNPRT0003 BABY CRUSH 1922: 1397 roll → 4 segmen (SKU × entitas)
KNPRT0011 BUBBLE CRINKLE 1880: 1276 roll → 4 segmen (SKU × entitas)
KNPRT0043 CERUTY PREMIUM 18353: 1250 roll → 4 segmen (SKU × entitas)
KNPRT0085 CHARITY EMBRO PRINT 18398 / ST 04: 1432 roll → 4 segmen (SKU × entitas)
KNPRT0107 DOBBY 630561: 1801 roll → 4 segmen (SKU × entitas)
KNPRT0113 HANAMI 12986: 1751 roll → 4 segmen (SKU × entitas)
KNPRT0130 LABUBU 1825 / EPN 1871 BGA: 1501 roll → 4 segmen (SKU × entitas)
KNPRT0131 LINEN STRIPE DENIM PREMIUM 6036: 1220 roll → 3 segmen (SKU × entitas)
KNPRT0143 MAXMARA 19853 / RDZ 085: 1949 roll → 4 segmen (SKU × entitas)
KNPRT0178 RAYON MILANO 3876: 1844 roll → 4 segmen (SKU × entitas)
KNWVN0005 ATHENA STRETCH: 1684 roll → 11 segmen (SKU × entitas)
KNWVN0006 BANGKOK TWILL: 1247 roll → 14 segmen (SKU × entitas)
KNWVN0012 CLOVERTEA: 1580 roll → 9 segmen (SKU × entitas)
KNWVN0015 DENIM TENCEL: 1953 roll → 4 segmen (SKU × entitas)
KNWVN0020 FINE SUMMERCOTTON: 1177 roll → 22 segmen (SKU × entitas)
KNWVN0031 LINEN OAT: 1046 roll → 6 segmen (SKU × entitas)
KNWVN0042 PARISIAN: 1438 roll → 18 segmen (SKU × entitas)
KNWVN0056 ROSE CREPE: 1602 roll → 15 segmen (SKU × entitas)
KNWVN0062 SAPPORO LINEN: 1964 roll → 18 segmen (SKU × entitas)
KNWVN0072 SHAKILA LAK: 1253 roll → 7 segmen (SKU × entitas)
Total: 325 segmen · 45435 roll baru · 0 segmen sudah ada (dilewati)
   roll 5000/45435
   roll 10000/45435
   roll 15000/45435
   roll 20000/45435
   roll 25000/45435
   roll 30000/45435
   roll 35000/45435
   roll 40000/45435
   roll 45000/45435
   roll 45435/45435
Selesai: 45435 roll · 325 lot · jurnal saldo awal: 3 entitas
