18:57:40 login Budi Santoso user
18:57:44 CREATE None None
18:57:44 COMPLETE None None
18:57:44 CREATE None None
18:57:44 APPROVE None None
18:57:44 ESCALATE None None
18:57:44 RESOLVE_ESCALATION None None
18:57:45 restock_requested Ayu Permatasari sales_order
18:57:45 restock_requested Bima Saputra sales_order
18:57:45 restock_requested Ayu Permatasari sales_order
18:57:48 login Budi Santoso user
18:57:48 login Dewi Rahayu user
18:57:48 supplier_invoice_exchange_set Budi Santoso supplier
18:57:48 supplier_invoice_exchange_set Budi Santoso supplier
18:57:48 supplier_invoice_exchange_set Budi Santoso supplier
18:57:48 vendor_bill_created Budi Santoso vendor_bill
18:57:48 vendor_bill_posted Budi Santoso vendor_bill
18:57:48 vendor_bill_created Budi Santoso vendor_bill
18:57:48 vendor_bill_posted Budi Santoso vendor_bill
18:57:48 contra_bon_created Dewi Rahayu contra_bon
18:57:48 contra_bon_deduction_added Dewi Rahayu contra_bon
18:57:48 contra_bon_submitted Dewi Rahayu contra_bon
18:57:48 contra_bon_verified Dewi Rahayu contra_bon
18:57:48 contra_bon_approved Budi Santoso contra_bon
18:57:48 contra_bon_scheduled Dewi Rahayu contra_bon
18:57:48 contra_bon_paid Budi Santoso contra_bon
18:57:48 vendor_bill_created Budi Santoso vendor_bill
18:57:48 vendor_bill_posted Budi Santoso vendor_bill
18:57:48 contra_bon_created Dewi Rahayu contra_bon
18:57:48 contra_bon_submitted Dewi Rahayu contra_bon
18:57:48 contra_bon_verified Dewi Rahayu contra_bon
18:57:48 contra_bon_approved Budi Santoso contra_bon
18:57:48 contra_bon_scheduled Dewi Rahayu contra_bon
18:57:48 vendor_bill_created Budi Santoso vendor_bill
18:57:48 vendor_bill_posted Budi Santoso vendor_bill
18:57:49 contra_bon_created Dewi Rahayu contra_bon
18:57:49 contra_bon_submitted Dewi Rahayu contra_bon
18:57:49 vendor_bill_created Budi Santoso vendor_bill
18:57:49 vendor_bill_posted Budi Santoso vendor_bill
18:57:49 vendor_bill_created Budi Santoso vendor_bill
18:57:49 vendor_bill_posted Budi Santoso vendor_bill
18:57:49 vendor_bill_payment Budi Santoso vendor_bill
18:57:49 login Budi Santoso user
18:57:49 login Dewi Rahayu user
18:57:49 supplier_contract_created Budi Santoso supplier_contract
18:57:49 supplier_contract_created Budi Santoso supplier_contract
18:57:49 supplier_contract_created Budi Santoso supplier_contract
18:57:49 interco_transaction_created Budi Santoso interco_transaction
18:57:49 interco_warehouse_task_created Budi Santoso warehouse_transfer
18:57:49 inter_company_transfer_executed Dewi Rahayu transfer
18:57:49 interco_transaction_created Budi Santoso interco_transaction
18:57:49 interco_transaction_created Budi Santoso interco_transaction
18:57:49 interco_transaction_created Budi Santoso interco_transaction
18:57:49 interco_settlement_created Dewi Rahayu interco_settlement
18:57:49 g6_ic_elimination_synced Budi Santoso ic_elimination
18:57:49 interco_transaction_invoiced Budi Santoso interco_transaction
18:57:49 interco_tax_invoice_issued Budi Santoso tax_invoice
18:57:49 interco_return_created Budi Santoso interco_return
18:57:49 interco_return_approved Dewi Rahayu interco_return
18:57:49 interco_return_task_created Budi Santoso warehouse_transfer
18:57:49 inter_company_transfer_executed Dewi Rahayu transfer
18:57:50 login Ayu Permatasari user
18:57:50 login Budi Santoso user
18:57:50 supplier_contract_created Budi Santoso supplier_contract
18:57:50 internal_request_created Ayu Permatasari internal_request
18:57:50 internal_request_created Ayu Permatasari internal_request
18:57:50 internal_request_converted Budi Santoso internal_request
18:57:50 roll_grade_changed Eko Prasetyo inventory_roll
18:57:50 order_verified None None
18:57:50 order_verified None None
18:57:50 order_verified None None
18:57:50 sales_return_inspect_started None None
18:57:50 sales_return_inspected None None
18:57:50 interco_transaction_invoiced None None
18:57:51 login Budi Santoso user
18:57:51 login Dewi Rahayu user
18:57:52 login Ayu Permatasari user
18:57:52 login Eko Prasetyo user
18:57:52 po_created Budi Santoso purchase_order
18:57:52 inbound_scan_receive Budi Santoso wms_task
18:57:52 inbound_completed Budi Santoso wms_task
18:57:52 qc_decision Budi Santoso wms_task
18:57:52 order_created Budi Santoso sales_order
18:57:52 supplier_contract_created Budi Santoso supplier_contract
18:57:52 interco_transaction_created Budi Santoso interco_transaction
18:57:52 interco_warehouse_task_created Budi Santoso warehouse_transfer
18:57:52 backorder_auto_fulfilled system sales_order
18:57:52 inter_company_transfer_executed Budi Santoso transfer
18:57:52 order_auto_approved Budi Santoso sales_order
18:57:53 sales_order_verified Budi Santoso sales_orders
18:57:53 order_confirmed Budi Santoso sales_order
18:57:53 outbound_tasks_auto_created Budi Santoso sales_order
18:57:53 sales_return_created Budi Santoso sales_return
18:57:53 sales_return_approved Dewi Rahayu sales_return
18:57:53 sales_return_inspect_started Dewi Rahayu sales_return
18:57:53 sales_return_inspected Dewi Rahayu sales_return
18:57:53 sales_return_settled Dewi Rahayu sales_return
18:57:53 sales_return_quarantine_released Dewi Rahayu sales_return
18:57:53 interco_return_created Budi Santoso interco_return
18:57:53 interco_return_approved Dewi Rahayu interco_return
18:57:53 interco_return_task_created Budi Santoso warehouse_transfer
18:57:53 inter_company_transfer_executed Budi Santoso transfer
18:57:53 purchase_return_created Budi Santoso purchase_return
18:57:57 login Budi Santoso user
18:58:12 login Ayu Permatasari user
18:58:14 login Bima Saputra user
18:58:16 login Budi Santoso user
18:58:16 login Budi Santoso user
18:58:17 login Budi Santoso user
18:58:18 login Budi Santoso user
18:58:18 login Budi Santoso user
18:58:20 login Budi Santoso user
18:58:20 login Ayu Permatasari user
18:58:20 login Citra Lestari user
18:58:22 login Ayu Permatasari user
18:58:22 login Citra Lestari user
18:58:30 login Budi Santoso user
18:58:30 login Dewi Rahayu user
18:58:31 login Ayu Permatasari user
18:58:31 login Citra Lestari user
18:58:31 login Eko Prasetyo user
18:58:32 login Budi Santoso user
18:58:33 customer_created Budi Santoso customer
18:58:33 uom_created Budi Santoso uom
18:58:33 category_created Budi Santoso product
18:58:33 entity_updated Budi Santoso business_entity
18:58:33 entity_updated Budi Santoso business_entity
18:58:33 customer_updated Budi Santoso customer
18:58:33 login Ayu Permatasari user
18:58:34 login Budi Santoso user
18:58:35 login Ayu Permatasari user
18:58:35 login Citra Lestari user
18:58:35 login Eko Prasetyo user
18:58:35 cycle_count_created Eko Prasetyo cycle_count
18:58:35 warehouse_updated Budi Santoso warehouse
18:58:35 warehouse_updated Budi Santoso warehouse
18:58:35 warehouse_created Budi Santoso warehouse
18:58:36 entity_price_created Budi Santoso entity_price
18:58:36 entity_price_created Budi Santoso entity_price
18:58:36 entity_price_created Budi Santoso entity_price
18:58:37 login Budi Santoso user
18:58:37 entity_master_overridden Budi Santoso payment-terms
18:58:37 entity_master_updated Budi Santoso payment-terms
18:58:38 entity_master_updated Budi Santoso payment-terms
18:58:38 entity_master_reverted Budi Santoso payment-terms
18:58:38 entity_master_overridden Budi Santoso expense-categories
18:58:38 entity_master_updated Budi Santoso expense-categories
18:58:38 entity_master_overridden Budi Santoso document-templates
18:58:38 entity_master_updated Budi Santoso document-templates
18:58:39 entity_master_created Budi Santoso payment-terms
18:58:39 entity_master_created Budi Santoso payment-terms
18:58:39 config_value_changed Budi Santoso config_values
18:58:40 login Budi Santoso user
18:58:42 login Budi Santoso user
18:58:42 login Dewi Rahayu user
18:58:42 login Ayu Permatasari user
18:58:42 pr_created Budi Santoso purchase_requisition
18:58:43 pr_created Budi Santoso purchase_requisition
18:58:43 internal_request_created Ayu Permatasari internal_request
18:58:43 internal_request_converted Budi Santoso internal_request
18:58:44 cash_transaction_created Budi Santoso cash_transaction
18:58:44 cash_transaction_voided Budi Santoso cash_transaction
18:58:44 interco_loan_created Budi Santoso interco_loan
18:58:44 interco_loan_disbursed Budi Santoso interco_loan
18:58:44 interco_loan_repaid Budi Santoso interco_loan
18:58:44 fixed_asset_transferred Budi Santoso fixed_asset
18:58:44 fixed_asset_transfer_settled Budi Santoso fixed_asset
18:58:46 login Budi Santoso user
18:58:46 login Ayu Permatasari user
18:58:46 login Rina Kusumawati user
18:58:47 login Hendra Wijaya user
18:58:49 login Budi Santoso user
18:58:49 login Ayu Permatasari user
18:58:50 login Bima Saputra user
18:58:50 login Rina Kusumawati user
18:58:50 login Hendra Wijaya user
18:58:51 order_updated Budi Santoso sales_order
18:58:51 sales_order_verified Rina Kusumawati sales_orders
18:58:51 config_value_changed Budi Santoso config_values
18:58:51 order_confirmed Rina Kusumawati sales_order
18:58:51 config_value_changed Budi Santoso config_values
18:58:51 config_value_changed Budi Santoso config_values
18:58:51 config_value_changed Budi Santoso config_values
18:58:52 fulfillment_decided Rina Kusumawati sales_orders
18:58:52 login Citra Lestari user
18:58:54 login Budi Santoso user
18:58:54 login Dewi Rahayu user
18:58:54 login Ayu Permatasari user
18:58:54 login Eko Prasetyo user
18:58:54 po_created Budi Santoso purchase_order
18:58:54 inbound_scan_receive Budi Santoso wms_task
18:58:54 inbound_completed Budi Santoso wms_task
18:58:55 qc_decision Budi Santoso wms_task
18:58:55 order_created Budi Santoso sales_order
18:58:55 supplier_contract_created Budi Santoso supplier_contract
18:58:55 interco_transaction_created Budi Santoso interco_transaction
18:58:55 interco_warehouse_task_created Budi Santoso warehouse_transfer
18:58:55 backorder_auto_fulfilled system sales_order
18:58:55 inter_company_transfer_executed Budi Santoso transfer
18:58:55 order_auto_approved Budi Santoso sales_order
18:58:55 sales_order_verified Budi Santoso sales_orders
18:58:55 order_confirmed Budi Santoso sales_order
18:58:55 outbound_tasks_auto_created Budi Santoso sales_order
18:58:55 sales_return_created Budi Santoso sales_return
18:58:55 sales_return_approved Dewi Rahayu sales_return
18:58:55 sales_return_inspect_started Dewi Rahayu sales_return
18:58:55 sales_return_inspected Dewi Rahayu sales_return
18:58:55 sales_return_settled Dewi Rahayu sales_return
18:58:55 sales_return_quarantine_released Dewi Rahayu sales_return
18:58:55 interco_return_created Budi Santoso interco_return
18:58:57 login Budi Santoso user
18:58:57 login Ayu Permatasari user
18:58:57 login Rina Kusumawati user
18:58:58 login Hendra Wijaya user
18:58:58 role_reclassified Budi Santoso user
18:59:00 login Ayu Permatasari user
18:59:00 login Rina Kusumawati user
18:59:00 login Hendra Wijaya user
18:59:01 login Eko Prasetyo user
18:59:01 login Dewi Rahayu user
18:59:01 login Budi Santoso user
18:59:01 login Sari Melati user
18:59:23 rnd_designer_kpi_exported Dewi Rahayu md_samples
18:59:39 rnd_designer_kpi_exported Budi Santoso md_samples
18:59:50 login Budi Santoso user
18:59:50 login Dewi Rahayu user
18:59:50 login Rina Kusumawati user
18:59:51 login Hendra Wijaya user
18:59:51 login Ayu Permatasari user
18:59:51 login Eko Prasetyo user
18:59:52 ar_aging_penalty_accrued Hendra Wijaya customers
18:59:53 login Hendra Wijaya user
18:59:53 login Eko Prasetyo user
18:59:58 login Dewi Rahayu user
18:59:58 login Budi Santoso user
18:59:59 login Ayu Permatasari user
19:00:00 login Dewi Rahayu user
19:00:00 login Budi Santoso user
19:00:00 login Dewi Rahayu user
19:00:03 login Budi Santoso user
19:00:03 login Hendra Wijaya user
19:00:03 hr.payroll.run_submit Budi Santoso hr_payroll_runs
19:00:03 hr.payroll.run_reject Budi Santoso hr_payroll_runs
19:00:03 hr.payroll.run_submit Budi Santoso hr_payroll_runs
19:00:03 hr.payroll.run_approve Budi Santoso hr_payroll_runs
19:00:04 design_submitted Budi Santoso design_gallery
19:00:04 design_rejected Budi Santoso design_gallery
19:00:04 design_submitted Budi Santoso design_gallery
19:00:04 design_approved Budi Santoso design_gallery
19:00:06 login Budi Santoso user
19:00:06 login Dewi Rahayu user
19:00:07 login Budi Santoso user
19:00:07 login Dewi Rahayu user
19:00:09 login Budi Santoso user
19:00:11 login Budi Santoso user
19:00:11 login Dewi Rahayu user
19:00:12 login Budi Santoso user
19:00:12 login Citra Lestari user
19:00:12 login Ayu Permatasari user
19:00:13 login Eko Prasetyo user
19:00:15 login Budi Santoso user
19:00:18 login Budi Santoso user
19:00:18 entity_master_created Budi Santoso product-lines
19:00:18 product_created Budi Santoso product
19:00:18 product_created Budi Santoso product
19:00:18 user_created Budi Santoso user
19:00:18 login Dewi Printing Poc 3af095 user
19:00:18 user_updated Budi Santoso user
19:00:19 login Dewi Printing Poc 3af095 user
19:00:19 entity_master_created Budi Santoso product-lines
19:00:20 login Budi Santoso user
19:00:20 entity_master_created Budi Santoso process-stages
19:00:21 makloon_order_created Budi Santoso makloon_order
19:00:21 makloon_service_recorded Budi Santoso makloon_order
19:00:21 makloon_order_created Budi Santoso makloon_order
19:00:21 makloon_order_issued Budi Santoso makloon_order
19:00:21 makloon_order_received Budi Santoso makloon_order
19:00:21 makloon_yield_override Budi Santoso makloon_order
19:00:21 makloon_order_created Budi Santoso makloon_order
19:00:21 entity_master_created Budi Santoso process-stages
19:00:22 entity_master_created Budi Santoso process-stages
19:00:23 makloon_order_created Budi Santoso makloon_order
19:00:31 login Budi Santoso user
19:00:31 login Dewi Rahayu user
19:00:31 login Eko Prasetyo user
19:00:32 po_created Budi Santoso purchase_order
19:00:32 po_approved Dewi Rahayu purchase_order
19:00:32 inbound_scan_receive Eko Prasetyo wms_task
19:00:32 inbound_completed Eko Prasetyo wms_task
19:00:32 purchase_return_created Budi Santoso purchase_return
19:00:32 purchase_return_approved Dewi Rahayu purchase_return
19:00:32 po_created Budi Santoso purchase_order
19:00:32 po_created Budi Santoso purchase_order
19:00:32 po_approved Dewi Rahayu purchase_order
19:00:33 po_created Budi Santoso purchase_order
19:00:42 login Budi Santoso user
19:00:42 login Dewi Rahayu user
19:00:42 restock_requested Budi Santoso sales_order
19:00:42 pr_realized_po Budi Santoso purchase_requisition
19:00:42 restock_requested Budi Santoso sales_order
19:00:42 rfq_created Budi Santoso rfq
19:00:42 rfq_quoted Budi Santoso rfq
19:00:43 rfq_awarded Budi Santoso rfq
19:00:43 po_created Budi Santoso purchase_order
19:00:47 login Budi Santoso user
19:00:47 login Dewi Rahayu user
19:00:47 login Fajar Nugroho user
19:00:48 login Eko Prasetyo user
19:00:48 restock_requested Budi Santoso sales_order
19:00:48 pr_realized_po Budi Santoso purchase_requisition
19:00:48 inbound_scan_receive Eko Prasetyo wms_task
19:00:48 inbound_completed Eko Prasetyo wms_task
19:00:48 po_stage_updated Fajar Nugroho purchase_order
19:00:53 login Budi Santoso user
19:00:57 login Budi Santoso user
19:00:57 login Dewi Rahayu user
19:00:57 login Sari Melati user
19:00:58 login Ayu Permatasari user
19:00:58 design_request_created Budi Santoso design_request
19:00:58 design_request_assigned Dewi Rahayu design_request
19:00:58 design_request_started Sari Melati design_request
19:00:58 design_gallery_create Sari Melati design_gallery
19:00:58 design_gallery_create Budi Santoso design_gallery
19:00:58 design_request_delivered Sari Melati design_request
19:00:58 design_artwork_uploaded Sari Melati design_gallery
19:00:58 design_submit Sari Melati design_gallery
19:00:58 design_request_revision Dewi Rahayu design_gallery
19:00:58 design_artwork_uploaded Sari Melati design_gallery
19:00:59 design_submit Sari Melati design_gallery
19:00:59 design_approve Dewi Rahayu design_gallery
19:01:00 login Budi Santoso user
19:01:02 login Budi Santoso user
19:01:03 login Eko Prasetyo user
19:01:03 login Dewi Rahayu user
19:01:03 rnd_sample_created Budi Santoso md_samples
19:01:03 rnd_sample_sent Budi Santoso md_samples
19:01:03 rnd_round_attachment Budi Santoso md_samples
19:01:04 rnd_round_submitted Budi Santoso md_samples
19:01:04 rnd_round_assessed Budi Santoso md_samples
19:01:04 entity_master_overridden Budi Santoso sample-types
19:01:04 entity_master_updated Budi Santoso sample-types
19:01:04 rnd_round_attachment Budi Santoso md_samples
19:01:04 entity_master_reverted Budi Santoso sample-types
19:01:04 rnd_round_submitted Budi Santoso md_samples
19:01:04 rnd_round_attachment Budi Santoso md_samples
19:01:05 rnd_round_submitted Budi Santoso md_samples
19:01:05 rnd_round_assessed Budi Santoso md_samples
19:01:05 rnd_round_opened Budi Santoso md_samples
19:01:05 rnd_round_attachment Budi Santoso md_samples
19:01:05 rnd_round_submitted Budi Santoso md_samples
19:01:05 rnd_round_assessed Budi Santoso md_samples
19:01:05 approval_matrix_approve Dewi Rahayu md_samples
19:01:05 rnd_sample_decided Dewi Rahayu md_samples
19:01:05 rnd_sample_finished Eko Prasetyo md_samples
19:01:05 rnd_sample_delivered Eko Prasetyo md_samples
19:01:10 login Budi Santoso user
19:01:10 login Dewi Rahayu user
19:01:10 login Eko Prasetyo user
19:01:10 login Fitri Handayani user
19:01:10 po_created Budi Santoso purchase_order
19:01:10 inbound_scan_receive Eko Prasetyo wms_task
19:01:11 inbound_completed Eko Prasetyo wms_task
19:01:11 inspection_assigned Dewi Rahayu inspection
19:01:11 roll_grade_changed Eko Prasetyo inventory_roll
19:01:11 inspection_line_inspected Eko Prasetyo inspection
19:01:11 inspection_hold_released Dewi Rahayu inspection
19:01:11 roll_grade_changed Eko Prasetyo inventory_roll
19:01:11 inspection_line_inspected Eko Prasetyo inspection
19:01:11 inspection_finished Dewi Rahayu inspection
19:01:11 inspection_reopened Dewi Rahayu inspection
19:01:11 inspection_created Budi Santoso inspection
19:01:11 sales_return_milestone Budi Santoso sales_return
19:01:11 inspection_assigned Dewi Rahayu inspection
19:01:12 inspection_line_inspected Budi Santoso inspection
19:01:12 inspection_finished Dewi Rahayu inspection
19:01:12 inspection_created Budi Santoso inspection
19:01:15 login Budi Santoso user
19:01:21 login Budi Santoso user
19:01:24 rnd_designer_kpi_exported Budi Santoso md_samples
19:01:25 login Budi Santoso user
19:01:45 login Budi Santoso user
