18:47:55 login Budi Santoso user
18:47:59 CREATE None None
18:47:59 COMPLETE None None
18:47:59 CREATE None None
18:47:59 APPROVE None None
18:47:59 ESCALATE None None
18:47:59 RESOLVE_ESCALATION None None
18:48:00 restock_requested Ayu Permatasari sales_order
18:48:00 restock_requested Bima Saputra sales_order
18:48:00 restock_requested Ayu Permatasari sales_order
18:48:03 login Budi Santoso user
18:48:03 login Dewi Rahayu user
18:48:03 supplier_invoice_exchange_set Budi Santoso supplier
18:48:03 supplier_invoice_exchange_set Budi Santoso supplier
18:48:03 supplier_invoice_exchange_set Budi Santoso supplier
18:48:03 vendor_bill_created Budi Santoso vendor_bill
18:48:03 vendor_bill_posted Budi Santoso vendor_bill
18:48:04 vendor_bill_created Budi Santoso vendor_bill
18:48:04 vendor_bill_posted Budi Santoso vendor_bill
18:48:04 contra_bon_created Dewi Rahayu contra_bon
18:48:04 contra_bon_deduction_added Dewi Rahayu contra_bon
18:48:04 contra_bon_submitted Dewi Rahayu contra_bon
18:48:04 contra_bon_verified Dewi Rahayu contra_bon
18:48:04 contra_bon_approved Budi Santoso contra_bon
18:48:04 contra_bon_scheduled Dewi Rahayu contra_bon
18:48:04 contra_bon_paid Budi Santoso contra_bon
18:48:04 vendor_bill_created Budi Santoso vendor_bill
18:48:04 vendor_bill_posted Budi Santoso vendor_bill
18:48:04 contra_bon_created Dewi Rahayu contra_bon
18:48:04 contra_bon_submitted Dewi Rahayu contra_bon
18:48:04 contra_bon_verified Dewi Rahayu contra_bon
18:48:04 contra_bon_approved Budi Santoso contra_bon
18:48:04 contra_bon_scheduled Dewi Rahayu contra_bon
18:48:04 vendor_bill_created Budi Santoso vendor_bill
18:48:04 vendor_bill_posted Budi Santoso vendor_bill
18:48:04 contra_bon_created Dewi Rahayu contra_bon
18:48:04 contra_bon_submitted Dewi Rahayu contra_bon
18:48:04 vendor_bill_created Budi Santoso vendor_bill
18:48:04 vendor_bill_posted Budi Santoso vendor_bill
18:48:04 vendor_bill_created Budi Santoso vendor_bill
18:48:04 vendor_bill_posted Budi Santoso vendor_bill
18:48:04 vendor_bill_payment Budi Santoso vendor_bill
18:48:04 login Budi Santoso user
18:48:04 login Dewi Rahayu user
18:48:04 supplier_contract_created Budi Santoso supplier_contract
18:48:04 supplier_contract_created Budi Santoso supplier_contract
18:48:04 supplier_contract_created Budi Santoso supplier_contract
18:48:05 interco_transaction_created Budi Santoso interco_transaction
18:48:05 interco_warehouse_task_created Budi Santoso warehouse_transfer
18:48:05 inter_company_transfer_executed Dewi Rahayu transfer
18:48:05 interco_transaction_created Budi Santoso interco_transaction
18:48:05 interco_transaction_created Budi Santoso interco_transaction
18:48:05 interco_transaction_created Budi Santoso interco_transaction
18:48:05 interco_settlement_created Dewi Rahayu interco_settlement
18:48:05 g6_ic_elimination_synced Budi Santoso ic_elimination
18:48:05 interco_transaction_invoiced Budi Santoso interco_transaction
18:48:05 interco_tax_invoice_issued Budi Santoso tax_invoice
18:48:05 interco_return_created Budi Santoso interco_return
18:48:05 interco_return_approved Dewi Rahayu interco_return
18:48:05 interco_return_task_created Budi Santoso warehouse_transfer
18:48:05 inter_company_transfer_executed Dewi Rahayu transfer
18:48:05 login Ayu Permatasari user
18:48:05 login Budi Santoso user
18:48:05 supplier_contract_created Budi Santoso supplier_contract
18:48:05 internal_request_created Ayu Permatasari internal_request
18:48:05 internal_request_created Ayu Permatasari internal_request
18:48:05 internal_request_converted Budi Santoso internal_request
18:48:06 roll_grade_changed Eko Prasetyo inventory_roll
18:48:06 order_verified None None
18:48:06 order_verified None None
18:48:06 order_verified None None
18:48:06 sales_return_inspect_started None None
18:48:06 sales_return_inspected None None
18:48:06 interco_transaction_invoiced None None
18:48:07 login Budi Santoso user
18:48:07 login Dewi Rahayu user
18:48:07 login Ayu Permatasari user
18:48:07 login Eko Prasetyo user
18:48:07 po_created Budi Santoso purchase_order
18:48:07 inbound_scan_receive Budi Santoso wms_task
18:48:08 inbound_completed Budi Santoso wms_task
18:48:08 qc_decision Budi Santoso wms_task
18:48:08 order_created Budi Santoso sales_order
18:48:08 supplier_contract_created Budi Santoso supplier_contract
18:48:08 interco_transaction_created Budi Santoso interco_transaction
18:48:08 interco_warehouse_task_created Budi Santoso warehouse_transfer
18:48:08 backorder_auto_fulfilled system sales_order
18:48:08 inter_company_transfer_executed Budi Santoso transfer
18:48:08 order_auto_approved Budi Santoso sales_order
18:48:08 sales_order_verified Budi Santoso sales_orders
18:48:08 order_confirmed Budi Santoso sales_order
18:48:08 outbound_tasks_auto_created Budi Santoso sales_order
18:48:08 sales_return_created Budi Santoso sales_return
18:48:08 sales_return_approved Dewi Rahayu sales_return
18:48:08 sales_return_inspect_started Dewi Rahayu sales_return
18:48:08 sales_return_inspected Dewi Rahayu sales_return
18:48:08 sales_return_settled Dewi Rahayu sales_return
18:48:08 sales_return_quarantine_released Dewi Rahayu sales_return
18:48:09 interco_return_created Budi Santoso interco_return
18:48:09 interco_return_approved Dewi Rahayu interco_return
18:48:09 interco_return_task_created Budi Santoso warehouse_transfer
18:48:09 inter_company_transfer_executed Budi Santoso transfer
18:48:09 purchase_return_created Budi Santoso purchase_return
18:49:01 login Budi Santoso user
18:49:12 login Ayu Permatasari user
18:49:16 login Budi Santoso user
18:49:16 login Budi Santoso user
18:49:17 login Budi Santoso user
18:49:17 login Budi Santoso user
18:49:18 login Budi Santoso user
18:49:19 login Budi Santoso user
18:49:19 login Ayu Permatasari user
18:49:21 login Ayu Permatasari user
18:49:21 login Citra Lestari user
18:49:26 login Budi Santoso user
18:49:26 login Dewi Rahayu user
18:49:26 login Ayu Permatasari user
18:49:26 login Citra Lestari user
18:49:27 login Eko Prasetyo user
18:49:28 login Budi Santoso user
18:49:28 customer_created Budi Santoso customer
18:49:29 uom_created Budi Santoso uom
18:49:29 category_created Budi Santoso product
18:49:29 entity_updated Budi Santoso business_entity
18:49:29 entity_updated Budi Santoso business_entity
18:49:29 customer_updated Budi Santoso customer
18:49:30 login Budi Santoso user
18:49:30 login Ayu Permatasari user
18:49:31 login Citra Lestari user
18:49:31 login Eko Prasetyo user
18:49:31 cycle_count_created Eko Prasetyo cycle_count
18:49:31 warehouse_updated Budi Santoso warehouse
18:49:31 warehouse_updated Budi Santoso warehouse
18:49:31 warehouse_created Budi Santoso warehouse
18:49:31 entity_price_created Budi Santoso entity_price
18:49:32 entity_price_created Budi Santoso entity_price
18:49:32 entity_price_created Budi Santoso entity_price
18:49:32 entity_price_reverted_to_global Budi Santoso entity_price
18:49:32 entity_price_imported Budi Santoso entity_price
18:49:33 login Budi Santoso user
18:49:34 entity_master_overridden Budi Santoso payment-terms
18:49:34 entity_master_updated Budi Santoso payment-terms
18:49:34 entity_master_updated Budi Santoso payment-terms
18:49:34 entity_master_reverted Budi Santoso payment-terms
18:49:34 entity_master_overridden Budi Santoso expense-categories
18:49:34 entity_master_updated Budi Santoso expense-categories
18:49:35 entity_master_overridden Budi Santoso document-templates
18:49:35 entity_master_updated Budi Santoso document-templates
18:49:35 entity_master_created Budi Santoso payment-terms
18:49:35 entity_master_created Budi Santoso payment-terms
18:49:35 config_value_changed Budi Santoso config_values
18:49:37 login Budi Santoso user
18:49:37 login Ayu Permatasari user
18:49:38 login Budi Santoso user
18:49:38 login Dewi Rahayu user
18:49:38 login Ayu Permatasari user
18:49:39 pr_created Budi Santoso purchase_requisition
18:49:39 pr_created Budi Santoso purchase_requisition
18:49:39 internal_request_created Ayu Permatasari internal_request
18:49:40 internal_request_converted Budi Santoso internal_request
18:49:40 cash_transaction_created Budi Santoso cash_transaction
18:49:40 cash_transaction_voided Budi Santoso cash_transaction
18:49:40 interco_loan_created Budi Santoso interco_loan
18:49:40 interco_loan_disbursed Budi Santoso interco_loan
18:49:40 interco_loan_repaid Budi Santoso interco_loan
18:49:41 fixed_asset_transferred Budi Santoso fixed_asset
18:49:41 fixed_asset_transfer_settled Budi Santoso fixed_asset
18:49:41 pr_cancelled Budi Santoso purchase_requisition
18:49:41 pr_cancelled Budi Santoso purchase_requisition
18:49:42 login Budi Santoso user
18:49:42 login Ayu Permatasari user
18:49:43 login Rina Kusumawati user
18:49:43 login Hendra Wijaya user
18:49:45 login Budi Santoso user
18:49:46 login Ayu Permatasari user
18:49:46 login Bima Saputra user
18:49:46 login Rina Kusumawati user
18:49:46 login Hendra Wijaya user
18:49:47 order_updated Budi Santoso sales_order
18:49:47 sales_order_verified Rina Kusumawati sales_orders
18:49:47 config_value_changed Budi Santoso config_values
18:49:47 order_confirmed Rina Kusumawati sales_order
18:49:48 config_value_changed Budi Santoso config_values
18:49:48 config_value_changed Budi Santoso config_values
18:49:48 config_value_changed Budi Santoso config_values
18:49:48 fulfillment_decided Rina Kusumawati sales_orders
18:49:48 login Citra Lestari user
18:49:50 login Budi Santoso user
18:49:50 login Dewi Rahayu user
18:49:50 login Ayu Permatasari user
18:49:50 login Eko Prasetyo user
18:49:50 po_created Budi Santoso purchase_order
18:49:51 inbound_scan_receive Budi Santoso wms_task
18:49:51 inbound_completed Budi Santoso wms_task
18:49:51 qc_decision Budi Santoso wms_task
18:49:51 order_created Budi Santoso sales_order
18:49:51 supplier_contract_created Budi Santoso supplier_contract
18:49:51 interco_transaction_created Budi Santoso interco_transaction
18:49:51 interco_warehouse_task_created Budi Santoso warehouse_transfer
18:49:51 backorder_auto_fulfilled system sales_order
18:49:51 inter_company_transfer_executed Budi Santoso transfer
18:49:51 order_auto_approved Budi Santoso sales_order
18:49:51 sales_order_verified Budi Santoso sales_orders
18:49:51 order_confirmed Budi Santoso sales_order
18:49:51 outbound_tasks_auto_created Budi Santoso sales_order
18:49:51 sales_return_created Budi Santoso sales_return
18:49:51 sales_return_approved Dewi Rahayu sales_return
18:49:51 sales_return_inspect_started Dewi Rahayu sales_return
18:49:51 sales_return_inspected Dewi Rahayu sales_return
18:49:51 sales_return_settled Dewi Rahayu sales_return
18:49:52 sales_return_quarantine_released Dewi Rahayu sales_return
18:49:52 interco_return_created Budi Santoso interco_return
18:49:52 interco_return_approved Dewi Rahayu interco_return
18:49:52 interco_return_task_created Budi Santoso warehouse_transfer
18:49:52 inter_company_transfer_executed Budi Santoso transfer
18:49:52 purchase_return_created Budi Santoso purchase_return
18:49:53 login Budi Santoso user
18:49:53 login Ayu Permatasari user
18:49:54 login Rina Kusumawati user
18:49:54 login Hendra Wijaya user
18:49:54 tax_invoice_issued None None
18:49:56 login Ayu Permatasari user
18:49:56 login Rina Kusumawati user
18:49:56 login Hendra Wijaya user
18:49:57 login Eko Prasetyo user
18:49:57 login Dewi Rahayu user
18:49:57 login Budi Santoso user
18:49:57 login Sari Melati user
18:50:19 rnd_designer_kpi_exported Dewi Rahayu md_samples
18:50:36 rnd_designer_kpi_exported Budi Santoso md_samples
18:50:48 login Budi Santoso user
18:50:48 login Dewi Rahayu user
18:50:48 login Rina Kusumawati user
18:50:48 login Hendra Wijaya user
18:50:49 login Ayu Permatasari user
18:50:49 login Eko Prasetyo user
18:50:50 ar_aging_penalty_accrued Hendra Wijaya customers
18:50:51 login Hendra Wijaya user
18:50:51 login Eko Prasetyo user
18:50:56 login Dewi Rahayu user
18:50:56 login Budi Santoso user
18:50:57 login Ayu Permatasari user
18:50:57 config_value_changed Budi Santoso config_values
18:50:57 config_value_reset Budi Santoso config_values
18:50:58 login Dewi Rahayu user
18:50:58 login Budi Santoso user
18:50:58 login Dewi Rahayu user
18:51:00 login Budi Santoso user
18:51:01 login Hendra Wijaya user
18:51:01 hr.payroll.run_submit Budi Santoso hr_payroll_runs
18:51:01 hr.payroll.run_reject Budi Santoso hr_payroll_runs
18:51:01 hr.payroll.run_submit Budi Santoso hr_payroll_runs
18:51:01 hr.payroll.run_approve Budi Santoso hr_payroll_runs
18:51:02 design_submitted Budi Santoso design_gallery
18:51:02 design_rejected Budi Santoso design_gallery
18:51:02 design_submitted Budi Santoso design_gallery
18:51:02 design_approved Budi Santoso design_gallery
18:51:03 login Budi Santoso user
18:51:05 login Budi Santoso user
18:51:07 login Budi Santoso user
18:51:09 login Budi Santoso user
18:51:09 login Dewi Rahayu user
18:51:10 login Budi Santoso user
18:51:10 login Citra Lestari user
18:51:10 login Ayu Permatasari user
18:51:11 login Eko Prasetyo user
18:51:16 login Budi Santoso user
18:51:16 entity_master_created Budi Santoso product-lines
18:51:16 product_created Budi Santoso product
18:51:16 product_created Budi Santoso product
18:51:16 user_created Budi Santoso user
18:51:16 login Dewi Printing Poc F2301f user
18:51:17 user_updated Budi Santoso user
18:51:17 login Dewi Printing Poc F2301f user
18:51:19 login Budi Santoso user
18:51:19 entity_master_created Budi Santoso process-stages
18:51:19 makloon_order_created Budi Santoso makloon_order
18:51:19 makloon_service_recorded Budi Santoso makloon_order
18:51:19 makloon_order_created Budi Santoso makloon_order
18:51:19 makloon_order_issued Budi Santoso makloon_order
18:51:19 makloon_order_received Budi Santoso makloon_order
18:51:19 makloon_yield_override Budi Santoso makloon_order
18:51:19 makloon_order_created Budi Santoso makloon_order
18:51:19 entity_master_created Budi Santoso process-stages
18:51:20 entity_master_created Budi Santoso process-stages
18:51:21 makloon_order_created Budi Santoso makloon_order
18:51:29 login Budi Santoso user
18:51:29 login Dewi Rahayu user
18:51:30 login Eko Prasetyo user
18:51:30 po_created Budi Santoso purchase_order
18:51:30 po_approved Dewi Rahayu purchase_order
18:51:30 inbound_scan_receive Eko Prasetyo wms_task
18:51:30 inbound_completed Eko Prasetyo wms_task
18:51:30 purchase_return_created Budi Santoso purchase_return
18:51:30 purchase_return_approved Dewi Rahayu purchase_return
18:51:30 po_created Budi Santoso purchase_order
18:51:30 po_created Budi Santoso purchase_order
18:51:31 po_approved Dewi Rahayu purchase_order
18:51:31 po_created Budi Santoso purchase_order
18:51:40 login Budi Santoso user
18:51:40 login Dewi Rahayu user
18:51:40 restock_requested Budi Santoso sales_order
18:51:40 pr_realized_po Budi Santoso purchase_requisition
18:51:40 restock_requested Budi Santoso sales_order
18:51:40 rfq_created Budi Santoso rfq
18:51:41 rfq_quoted Budi Santoso rfq
18:51:41 rfq_awarded Budi Santoso rfq
18:51:41 po_created Budi Santoso purchase_order
18:51:45 login Budi Santoso user
18:51:45 login Dewi Rahayu user
18:51:45 login Fajar Nugroho user
18:51:46 login Eko Prasetyo user
18:51:46 restock_requested Budi Santoso sales_order
18:51:46 pr_realized_po Budi Santoso purchase_requisition
18:51:46 inbound_scan_receive Eko Prasetyo wms_task
18:51:46 inbound_completed Eko Prasetyo wms_task
18:51:46 po_stage_updated Fajar Nugroho purchase_order
18:51:51 login Budi Santoso user
18:51:55 login Budi Santoso user
18:51:55 login Dewi Rahayu user
18:51:56 login Sari Melati user
18:51:56 login Ayu Permatasari user
18:51:56 design_request_created Budi Santoso design_request
18:51:56 design_request_assigned Dewi Rahayu design_request
18:51:56 design_request_started Sari Melati design_request
18:51:56 design_gallery_create Sari Melati design_gallery
18:51:56 design_gallery_create Budi Santoso design_gallery
18:51:56 design_request_delivered Sari Melati design_request
18:51:56 design_artwork_uploaded Sari Melati design_gallery
18:51:56 design_submit Sari Melati design_gallery
18:51:56 design_request_revision Dewi Rahayu design_gallery
18:51:57 design_artwork_uploaded Sari Melati design_gallery
18:51:57 design_submit Sari Melati design_gallery
18:51:57 design_approve Dewi Rahayu design_gallery
18:51:58 login Budi Santoso user
18:52:01 login Budi Santoso user
18:52:01 login Eko Prasetyo user
18:52:01 login Dewi Rahayu user
18:52:01 rnd_sample_created Budi Santoso md_samples
18:52:01 rnd_sample_sent Budi Santoso md_samples
18:52:01 rnd_round_attachment Budi Santoso md_samples
18:52:02 rnd_round_submitted Budi Santoso md_samples
18:52:02 rnd_round_assessed Budi Santoso md_samples
18:52:02 entity_master_overridden Budi Santoso sample-types
18:52:02 entity_master_updated Budi Santoso sample-types
18:52:02 rnd_round_attachment Budi Santoso md_samples
18:52:02 entity_master_reverted Budi Santoso sample-types
18:52:02 rnd_round_submitted Budi Santoso md_samples
18:52:02 rnd_round_attachment Budi Santoso md_samples
18:52:03 rnd_round_submitted Budi Santoso md_samples
18:52:03 rnd_round_assessed Budi Santoso md_samples
18:52:03 rnd_round_opened Budi Santoso md_samples
18:52:03 rnd_round_attachment Budi Santoso md_samples
18:52:03 rnd_round_submitted Budi Santoso md_samples
18:52:03 rnd_round_assessed Budi Santoso md_samples
18:52:03 approval_matrix_approve Dewi Rahayu md_samples
18:52:03 rnd_sample_decided Dewi Rahayu md_samples
18:52:03 rnd_sample_finished Eko Prasetyo md_samples
18:52:04 rnd_sample_delivered Eko Prasetyo md_samples
18:52:08 login Budi Santoso user
18:52:08 login Dewi Rahayu user
18:52:09 login Eko Prasetyo user
18:52:09 login Fitri Handayani user
18:52:09 po_created Budi Santoso purchase_order
18:52:09 inbound_scan_receive Eko Prasetyo wms_task
18:52:09 inbound_completed Eko Prasetyo wms_task
18:52:09 inspection_assigned Dewi Rahayu inspection
18:52:09 roll_grade_changed Eko Prasetyo inventory_roll
18:52:09 inspection_line_inspected Eko Prasetyo inspection
18:52:09 inspection_hold_released Dewi Rahayu inspection
18:52:10 roll_grade_changed Eko Prasetyo inventory_roll
18:52:10 inspection_line_inspected Eko Prasetyo inspection
18:52:10 inspection_finished Dewi Rahayu inspection
18:52:10 inspection_reopened Dewi Rahayu inspection
18:52:10 inspection_created Budi Santoso inspection
18:52:10 sales_return_milestone Budi Santoso sales_return
18:52:10 inspection_assigned Dewi Rahayu inspection
18:52:10 inspection_line_inspected Budi Santoso inspection
18:52:10 inspection_finished Dewi Rahayu inspection
18:52:11 inspection_created Budi Santoso inspection
18:52:14 login Budi Santoso user
18:52:14 login Dewi Rahayu user
18:52:19 login Budi Santoso user
18:52:23 rnd_designer_kpi_exported Budi Santoso md_samples
18:52:24 login Budi Santoso user
