==========================================================================
  POC FASE E-1 + E-2 — MODEL BADAN USAHA & AKUN TERTAUT HR
==========================================================================

── E1.1 · jenis badan usaha + aturan NPWP & perorangan ──
  [[92mPASS[0m] E1.1a — enum `entity_type` terbit di /api/enums (7 jenis)
         [2mnilai=['PT', 'CV', 'Perorangan', 'UD', 'Koperasi', 'Yayasan', 'Lainnya'][0m
  [[92mPASS[0m] E1.1b — PKP tanpa NPWP DITOLAK 400 + alasan jelas
         [2mHTTP 400[0m
  [[92mPASS[0m] E1.1c — BUKTI-MERAH: non-PKP TANPA NPWP tetap boleh (bukan asal blokir)
         [2mHTTP 200 · {"id":"ent_6dc0fb9aa092","code":"POCNON","name":"PT Uji Non PKP","short_name":"POCNON","legal_name":"PT Uji Non PKP","ty[0m
  [[92mPASS[0m] E1.1d — Perorangan tanpa nama pemilik DITOLAK 400
         [2mHTTP 400[0m
  [[92mPASS[0m] E1.1e — Perorangan: nama legal DIBENTUK dari nama pemilik + label usaha
         [2mlegal_name='Sutrisno (Toko Kain Berkah)'[0m
  [[92mPASS[0m] E1.1f — Provisioning mengembalikan pratinjau nomor (bukan 'undefined')
         [2mPOCBRK/SO-00001[0m

── E1.2 · keunikan nama singkat & kode dokumen (POST dan PATCH) ──
  [[92mPASS[0m] E1.2a — nama singkat duplikat (huruf kecil 'sukacita') DITOLAK 409
         [2mHTTP 409 · {"detail":"Nama singkat “sukacita” sudah dipakai badan usaha “Sukacita Textile”. Pilih yang lain."}[0m
  [[92mPASS[0m] E1.2b — kode dokumen duplikat ('ksc') DITOLAK 409
         [2mHTTP 409[0m
  [[92mPASS[0m] E1.2c — PATCH juga ditegakkan (satu jalur validasi) → 409
         [2mHTTP 409[0m

── E1.3/E1.4 · kunci kode dokumen + invalidasi cache ──
  [[92mPASS[0m] E1.3a — kode dokumen KSC TERKUNCI (sudah terbit dokumen) → 409
         [2mHTTP 409 · {"detail":"Kode dokumen tidak bisa diubah karena badan usaha ini sudah menerbitkan transaksi kas “CASH-00001”. Mengubah kode akan membuat nomor dokume[0m
  [[92mPASS[0m] E1.3b — pesan kunci MENYEBUT dokumen pertama yang terbit
         [2m{"detail":"Kode dokumen tidak bisa diubah karena badan usaha ini sudah menerbitkan transaksi kas “CASH-00001”. Mengubah kode akan membuat nomor dokumen lama dan[0m
  [[92mPASS[0m] E1.3c — BUKTI-MERAH: badan usaha BELUM terbit dokumen BOLEH ganti kode
         [2mHTTP 200 · doc_prefix=POCBRK2[0m
  [[92mPASS[0m] E1.4 — cache kode entitas diinvalidasi → nomor baru pakai kode BARU
         [2mnomor=POCBRK2/SO-00001[0m

── E1.5 · status badan usaha + konteks entitas ──
  [[92mPASS[0m] E1.5a — daftar default hanya AKTIF (bukan semua status)
         [2m5 aktif[0m
  [[92mPASS[0m] E1.5b — sales Kanda memaksa X-Entity-Id=ent_ksc → 403 BERPESAN
         [2mHTTP 403 · {"detail":"Anda tidak ditugaskan di “Sukacita Textile”. Hubungi admin bila memang perlu akses ke badan usaha ini."}[0m
  [[92mPASS[0m] E1.5c — badan usaha tidak dikenal → 403 yang menjelaskan
         [2mHTTP 403[0m
  [[92mPASS[0m] E1.5d — BUKTI-MERAH: tanpa header, sales Kanda tetap dilayani 200
         [2mHTTP 200[0m

── E1.8/E1.9 · bentuk seragam + kesiapan ──
  [[92mPASS[0m] E1.8 — bentuk /api/entities ⊇ bentuk /auth/context (satu bentuk)
         [2mkurang=[][0m
  [[92mPASS[0m] E1.9 — daftar kesiapan lengkap & terhitung (8 butir + persen)
         [2mpercent=88 ready=7/8[0m

── E1.7 · nomor dokumen per badan usaha (25 × 2 PARALEL) ──
  [[92mPASS[0m] E1.7a — 50 nomor paralel → NOL duplikat
         [2munik=50/50 duplikat=0[0m
  [[92mPASS[0m] E1.7b — deret TERPISAH per badan usaha (masing-masing 1..25)
         [2mKSC=KSC/POCN-00001..KSC/POCN-00025 · POCBRK2=POCBRK2/POCN-00001..POCBRK2/POCN-00025[0m

── E1.10 · PAGAR TULIS lintas badan usaha (temuan POC ini) ──
  [[92mPASS[0m] E1.10a — sales Kanda MENANAM pelanggan di KSC lewat body → 403
         [2mHTTP 403 · {"detail":"Anda tidak berwenang menyimpan data ke “Sukacita Textile”. Data hanya boleh dibuat di badan usaha tempat Anda ditugaska[0m
  [[92mPASS[0m] E1.10b — tanpa menyebut badan usaha, pelanggan lahir di badan usaha SENDIRI (dulu jatuh ke KSC)
         [2mHTTP 200 · entity_id=ent_kanda[0m
  [[92mPASS[0m] E1.10c — sales Kanda menanam STOK AWAL milik KSC → ditolak
         [2mHTTP 403 · {"detail":"Anda tidak berwenang menyimpan data ke “Sukacita Textile”. Data hanya boleh dibuat di badan usaha t[0m
  [[92mPASS[0m] E1.10d — BUKTI-MERAH: admin tetap boleh menulis lintas badan usaha (wewenang tidak berkurang)
         [2mbaca KSC sebagai admin HTTP 200[0m

── E2.1 · badan usaha akun DIAMBIL dari HR ──
  [[92mPASS[0m] E2.1a — karyawan HR tanpa akun muncul di daftar pilihan
         [2mtersedia=['poc_emp_kanda'][0m
  [[92mPASS[0m] E2.1b — home_entity_id DIAMBIL dari HR (nilai formulir yang salah diabaikan)
         [2mHTTP 200 · home=ent_kanda (formulir minta ent_ksc) · dari_hr=True[0m
  [[92mPASS[0m] E2.1c — akun non-lintas: allowed = home saja (silo)
         [2mallowed=['ent_kanda'][0m
  [[92mPASS[0m] E2.1d — tautan dua arah: hr_employees.user_id terisi
         [2muser_id=user_935e12f41c73[0m
  [[92mPASS[0m] E2.1e — karyawan HR tanpa badan usaha → 400 menuntun ke perbaikan HR
         [2mHTTP 400 · {"detail":"Karyawan “Poc Tanpa Entitas” belum punya badan usaha di HR. Lengkapi dulu data karyawannya, supaya akun dan payroll tidak saling [0m
  [[92mPASS[0m] E2.1f — satu karyawan = satu akun (dobel → 409)
         [2mHTTP 409[0m

── E2.2 · role berubah → entitas dihitung ulang + sesi dicabut ──
  [[92mPASS[0m] E2.2a — akun baru bisa masuk (bukti sesi hidup sebelum dicabut)
         [2mlogin OK[0m
  [[92mPASS[0m] E2.2b — role → manager: allowed jadi LINTAS badan usaha (2 entitas aktif)
         [2mallowed=['ent_ksc', 'ent_kanda', 'ent_d1772c5f5ced', 'ent_6dc0fb9aa092', 'ent_b83ff3d9c27e'][0m
  [[92mPASS[0m] E2.2c — sesi lama DICABUT saat role berubah
         [2mdicabut=1 alasan=['role berubah'][0m
  [[92mPASS[0m] E2.2d — token lama benar-benar mati (401) — bukan sekadar catatan
         [2mHTTP 401[0m
  [[92mPASS[0m] E2.2e — sales boleh ditugaskan 2 badan usaha secara EKSPLISIT
         [2mallowed=['ent_kanda', 'ent_ksc'][0m
  [[92mPASS[0m] E2.2f — setelah ditugaskan, konteks KSC DITERIMA (tidak lagi 403)
         [2mHTTP 200[0m
  [[92mPASS[0m] E2.2g — akses dicabut → sesi ikut dicabut (bukan berlaku nanti)
         [2mdicabut=1 alasan=['akses badan usaha dicabut'][0m

── E2.3 · email unik · admin terakhir · ganti password ──
  [[92mPASS[0m] E2.3a — email duplikat DITOLAK 409
         [2mHTTP 409 · {"detail":"Email “admin@kainnusantara.id” sudah dipakai akun aktif milik “Budi Santoso”. Pakai email lain atau aktifkan [0m
  [[92mPASS[0m] E2.3b — admin aktif terakhir (1) tidak bisa dinonaktifkan → 409
         [2mHTTP 409 · {"detail":"Tidak bisa menonaktifkan akun ini: ini satu-satunya admin aktif. Buat atau naikkan satu admin lain dulu, kalau tidak si[0m
  [[92mPASS[0m] E2.3c — BUKTI-MERAH: admin memang MASIH aktif setelah percobaan gagal
         [2mstatus=active[0m
  [[92mPASS[0m] E2.3d — ganti password mencabut sesi
         [2mdicabut=1[0m
  [[92mPASS[0m] E2.3e — password lama TIDAK bisa dipakai lagi
         [2mlogin lama gagal[0m
  [[92mPASS[0m] E2.3f — password baru bisa dipakai
         [2mlogin baru OK[0m

── E2.4 · nonaktifkan (soft) · aktifkan kembali · reset password ──
  [[92mPASS[0m] E2.4a — DELETE = NONAKTIFKAN (baris tetap ada, status inactive)
         [2mHTTP 200 · status=inactive[0m
  [[92mPASS[0m] E2.4b — akun nonaktif tidak bisa masuk
         [2mlogin ditolak[0m
  [[92mPASS[0m] E2.4c — aktifkan kembali → bisa masuk lagi
         [2mHTTP 200[0m
  [[92mPASS[0m] E2.4d — reset password terlalu pendek DITOLAK 400
         [2mHTTP 400[0m
  [[92mPASS[0m] E2.4e — reset password berhasil + sesi dicabut
         [2mPassword berhasil direset. Semua sesi lama sudah dicabut.[0m
  [[92mPASS[0m] E2.4f — password TIDAK pernah masuk jejak audit
         [2mjejak bersih[0m

── E2.5 · filter · paging · pengayaan ──
  [[92mPASS[0m] E2.5a — filter ?entity_id=ent_kanda hanya akun terkait Kanda
         [2m9 akun: ['poc.sales.kanda@example.test', 'sampleadmin@kainnusantara.id', 'wh.admin@kainnusantara.id', 'md@kainnusantara.id', 'salesadmin@kainnusantara.id', 'sales3@kainnusantara.id', 'adminsales.lama@kainnusantara.id', 'manager@kainnusantara.id', 'admin@kainnusantara.id'][0m
  [[92mPASS[0m] E2.5b — filter role+status berjalan
         [2m5 akun[0m
  [[92mPASS[0m] E2.5c — paging memakai kontrak {items,total,page,page_size,has_more}
         [2mtotal=18 has_more=True[0m
  [[92mPASS[0m] E2.5d — setiap baris membawa home_entity, allowed_entities, employee_id, last_login_at
         [2mkunci=['allowed_entities', 'employee_id', 'home_entity', 'last_login_at'][0m
  [[92mPASS[0m] E2.5e — pencarian nama berjalan
         [2m1 hasil[0m

── E2.7 · jejak audit ber-stempel badan usaha ──
  [[92mPASS[0m] E2.7a — perubahan akun tercatat (created/updated/deactivated/reactivated)
         [2maksi=['login', 'user_created', 'user_deactivated', 'user_password_reset', 'user_reactivated', 'user_updated'][0m
  [[92mPASS[0m] E2.7b — setiap baris jejak akun ber-stempel badan usaha
         [2m13/13 baris ber-stempel[0m

── E1.6 · pagar deaktivasi · kunci-tulis · blokir login ──
  [[92mPASS[0m] E1.6a — pratinjau dampak KSC menyebut penghalang KONKRET
         [2m16 pengguna masih ber-badan-usaha utama di sini — pindahkan dulu (Budi Santoso, Ayu Permatasari, Dewi Rahayu, Eko Prasetyo, Fitri Handayani) | 31 dokumen masih terbuka — [0m
  [[92mPASS[0m] E1.6b — arsip KSC DITOLAK 409 + rincian (bukan galat mentah)
         [2mHTTP 409[0m
  [[92mPASS[0m] E1.6c — BUKTI-MERAH: KSC memang MASIH aktif setelah percobaan gagal
         [2mstatus=active[0m
  [[92mPASS[0m] E1.6d — akun di badan usaha target bisa masuk SEBELUM diarsipkan
         [2mlogin OK[0m
  [[92mPASS[0m] E1.6e — badan usaha dengan penghuni → 409 (pindahkan penggunanya dulu)
         [2mHTTP 409[0m
  [[92mPASS[0m] E1.6f — admin boleh MEMAKSA arsip dengan alasan → 200
         [2mHTTP 200 · sesi_dicabut=1[0m
  [[92mPASS[0m] E1.6g — penghuni badan usaha terarsip DIBLOKIR masuk (dengan alasan)
         [2mlogin ditolak[0m
  [[92mPASS[0m] E1.6h — pesan blokir menyebut badan usaha & jalan keluarnya
         [2mHTTP 403 · {"detail":"Akun Anda terdaftar di “PT Uji Non PKP” yang sudah diarsipkan, jadi belum bisa masuk. Minta admin memindahkan akun Anda ke badan usaha yang[0m
  [[92mPASS[0m] E1.6i — badan usaha terarsip: BACA entitas sendiri 200, TULIS ke yang terarsip DITOLAK + pesan menyebut 'diarsipkan'
         [2mbaca=200 tulis=403 · {"detail":"“PT Uji Non PKP” sudah diarsipkan — datanya hanya bisa dibaca, tidak bisa dipakai untuk menyimpan transaksi. Pilih bada[0m
  [[92mPASS[0m] E1.6i2 — BUKTI-MERAH: TULIS ke badan usaha yang masih aktif tetap boleh
         [2mHTTP 200 · {"id":"cust_40494aab28b1","code":"CUST-0009","name":"Poc Pelanggan Sah","pic_name":"Poc","phone":"628123456780[0m
  [[92mPASS[0m] E1.6i3 — pagar kunci-tulis terpasang di choke point auth (409) — melindungi endpoint yang tidak memakai entity_ctx
         [2m“PT Uji Non PKP” sudah diarsipkan sehingga tidak bisa lagi menerima transaksi baru. Data lama tetap bisa dibaca. Aktifkan kembali badan usah[0m
  [[92mPASS[0m] E1.6j — badan usaha terarsip HILANG dari daftar/pemilih default
         [2mdaftar aktif=['ent_ksc', 'ent_kanda', 'ent_d1772c5f5ced', 'ent_b83ff3d9c27e'][0m
  [[92mPASS[0m] E1.6k — tetap terbaca admin lewat ?status=archived (data lama tidak hilang)
         [2m1 terarsip[0m
  [[92mPASS[0m] E1.6l — aktifkan kembali → status active lagi
         [2mHTTP 200[0m
  [[92mPASS[0m] E1.6m — setelah aktif kembali, penghuninya bisa masuk lagi
         [2mlogin OK[0m

── CLEANUP (self-healing: DB kembali seperti sebelum POC) ──
  [[92mPASS[0m] CLEAN — nol residu fixture di DB
         [2muser=3 karyawan=2 badan_usaha=2 residu=0[0m
  [[92mPASS[0m] CLEAN2 — badan usaha demo utuh & aktif (sama seperti sebelum POC)
         [2m3 badan usaha aktif (sebelum POC 3)[0m

==========================================================================
  HASIL: [92m74 PASS[0m · [91m0 FAIL[0m
==========================================================================
